0 verbose cli /usr/bin/node /usr/lib/node_modules/npm/bin/npm-cli.js
1 info using npm@10.9.1
2 info using node@v22.23.2
3 silly config load:file:/usr/lib/node_modules/npm/npmrc
4 silly config load:file:/public/frontend/.npmrc
5 silly config load:file:/home/.npmrc
6 silly config load:file:/etc/npmrc
7 verbose title npm exec tailwindcss@latest init -p
8 verbose argv "exec" "--" "tailwindcss@latest" "init" "-p"
9 verbose logfile logs-max:10 dir:/home/.npm/_logs/2026-08-16T00_29_00_800Z-
10 verbose logfile /home/.npm/_logs/2026-08-16T00_29_00_800Z-debug-0.log
11 silly logfile start cleaning logs, removing 1 files
12 silly logfile done cleaning log files
13 silly packumentCache heap:2197815296 maxSize:549453824 maxEntrySize:274726912
14 http fetch GET 200 https://registry.npmjs.org/tailwindcss 1149ms (cache miss)
15 verbose stack Error: could not determine executable to run
15 verbose stack     at getBinFromManifest (/usr/lib/node_modules/npm/node_modules/libnpmexec/lib/get-bin-from-manifest.js:17:23)
15 verbose stack     at exec (/usr/lib/node_modules/npm/node_modules/libnpmexec/lib/index.js:202:15)
15 verbose stack     at async Npm.exec (/usr/lib/node_modules/npm/lib/npm.js:207:9)
15 verbose stack     at async module.exports (/usr/lib/node_modules/npm/lib/cli/entry.js:74:5)
16 verbose pkgid tailwindcss@4.3.3
17 error could not determine executable to run
18 verbose cwd /public/frontend
19 verbose os Linux 5.10.226-android12-9-00047-g4968e29b7f92-ab12786767
20 verbose node v22.23.2
21 verbose npm  v10.9.1
22 verbose exit 1
23 verbose code 1
24 error A complete log of this run can be found in: /home/.npm/_logs/2026-08-16T00_29_00_800Z-debug-0.log
