0 verbose cli /usr/bin/node /usr/bin/npm
1 info using npm@10.9.1
2 info using node@v22.23.2
3 silly config load:file:/usr/lib/node_modules/npm/npmrc
4 silly config load:file:/public/frontend/.npmrc
5 silly config load:file:/home/.npmrc
6 silly config load:file:/etc/npmrc
7 verbose title npm run dev
8 verbose argv "run" "dev"
9 verbose logfile logs-max:10 dir:/home/.npm/_logs/2026-08-16T03_56_33_740Z-
10 verbose logfile /home/.npm/_logs/2026-08-16T03_56_33_740Z-debug-0.log
11 silly logfile start cleaning logs, removing 1 files
12 silly logfile done cleaning log files
13 verbose stack JSONParseError: Invalid package.json: JSONParseError: Expected property name or '}' in JSON at position 337 (line 18 column 1) while parsing near "...devDependencies\": {\n<<<<<<< HEAD\n    \"@t..."
13 verbose stack     at parse (/usr/lib/node_modules/npm/node_modules/@npmcli/package-json/lib/read-package.js:19:21)
13 verbose stack     at PackageJson.fromJSON (/usr/lib/node_modules/npm/node_modules/@npmcli/package-json/lib/index.js:161:22)
13 verbose stack     at PackageJson.load (/usr/lib/node_modules/npm/node_modules/@npmcli/package-json/lib/index.js:156:17)
13 verbose stack     at async PackageJson.normalize (/usr/lib/node_modules/npm/node_modules/@npmcli/package-json/lib/index.js:116:5)
13 verbose stack     at async #run (/usr/lib/node_modules/npm/lib/commands/run-script.js:86:13)
13 verbose stack     at async RunScript.exec (/usr/lib/node_modules/npm/lib/commands/run-script.js:40:7)
13 verbose stack     at async Npm.exec (/usr/lib/node_modules/npm/lib/npm.js:207:9)
13 verbose stack     at async module.exports (/usr/lib/node_modules/npm/lib/cli/entry.js:74:5)
14 error code EJSONPARSE
15 error JSON.parse Invalid package.json: JSONParseError: Expected property name or '}' in JSON at position 337 (line 18 column 1) while parsing near "...devDependencies\": {\n<<<<<<< HEAD\n    \"@t..."
16 error JSON.parse Failed to parse JSON data.
16 error JSON.parse Note: package.json must be actual JSON, not just JavaScript.
17 verbose cwd /public/frontend
18 verbose os Linux 5.10.226-android12-9-00047-g4968e29b7f92-ab12786767
19 verbose node v22.23.2
20 verbose npm  v10.9.1
21 verbose exit 1
22 verbose code 1
23 error A complete log of this run can be found in: /home/.npm/_logs/2026-08-16T03_56_33_740Z-debug-0.log
