0 verbose cli /usr/bin/node /usr/lib/node_modules/npm/bin/npm-cli.js
1 info using npm@10.9.1
2 info using node@v22.23.2
3 silly config load:file:/usr/lib/node_modules/npm/npmrc
4 silly config load:file:/public/frontend/.npmrc
5 silly config load:file:/home/.npmrc
6 silly config load:file:/etc/npmrc
7 verbose title npm exec @tailwindcss/cli init -p
8 verbose argv "exec" "--" "@tailwindcss/cli" "init" "-p"
9 verbose logfile logs-max:10 dir:/home/.npm/_logs/2026-08-16T00_30_54_024Z-
10 verbose logfile /home/.npm/_logs/2026-08-16T00_30_54_024Z-debug-0.log
11 silly logfile start cleaning logs, removing 1 files
12 silly logfile done cleaning log files
13 silly packumentCache heap:2197815296 maxSize:549453824 maxEntrySize:274726912
14 verbose cwd /public/frontend
15 verbose os Linux 5.10.226-android12-9-00047-g4968e29b7f92-ab12786767
16 verbose node v22.23.2
17 verbose npm  v10.9.1
18 verbose exit 1
19 verbose code 1
