0 verbose cli /usr/bin/node /usr/bin/npm
1 info using npm@10.9.1
2 info using node@v22.23.2
3 silly config load:file:/usr/lib/node_modules/npm/npmrc
4 silly config load:file:/public/frontend/.npmrc
5 silly config load:file:/home/.npmrc
6 silly config load:file:/etc/npmrc
7 verbose title npm cache clean
8 verbose argv "cache" "clean" "--force"
9 verbose logfile logs-max:10 dir:/home/.npm/_logs/2026-08-16T00_32_11_646Z-
10 verbose logfile /home/.npm/_logs/2026-08-16T00_32_11_646Z-debug-0.log
11 warn using --force Recommended protections disabled.
12 silly logfile start cleaning logs, removing 1 files
13 silly logfile done cleaning log files
14 verbose cwd /public/frontend
15 verbose os Linux 5.10.226-android12-9-00047-g4968e29b7f92-ab12786767
16 verbose node v22.23.2
17 verbose npm  v10.9.1
18 verbose exit 0
19 info ok
