0 verbose cli /usr/bin/node /usr/bin/npm
1 info using npm@10.9.1
2 info using node@v22.23.2
3 silly config load:file:/usr/lib/node_modules/npm/npmrc
4 silly config load:file:/public/frontend/.npmrc
5 silly config load:file:/home/.npmrc
6 silly config load:file:/etc/npmrc
7 verbose title npm install react-router-dom
8 verbose argv "install" "react-router-dom"
9 verbose logfile logs-max:10 dir:/home/.npm/_logs/2026-08-16T00_46_30_363Z-
10 verbose logfile /home/.npm/_logs/2026-08-16T00_46_30_363Z-debug-0.log
11 silly logfile start cleaning logs, removing 1 files
12 silly packumentCache heap:2197815296 maxSize:549453824 maxEntrySize:274726912
13 silly logfile done cleaning log files
14 silly idealTree buildDeps
15 silly fetch manifest react-router-dom@*
16 silly packumentCache full:https://registry.npmjs.org/react-router-dom cache-miss
17 http fetch GET 200 https://registry.npmjs.org/react-router-dom 2061ms (cache miss)
18 silly packumentCache full:https://registry.npmjs.org/react-router-dom set size:undefined disposed:false
19 silly fetch manifest react@^19.2.8
20 silly packumentCache full:https://registry.npmjs.org/react cache-miss
21 http fetch GET 200 https://registry.npmjs.org/react 178ms (cache revalidated)
22 silly packumentCache full:https://registry.npmjs.org/react set size:6897881 disposed:false
23 silly fetch manifest react-dom@^19.2.8
24 silly packumentCache full:https://registry.npmjs.org/react-dom cache-miss
25 http fetch GET 200 https://registry.npmjs.org/react-dom 219ms (cache revalidated)
26 silly packumentCache full:https://registry.npmjs.org/react-dom set size:9267760 disposed:false
27 silly placeDep ROOT react-router-dom@7.18.2 OK for: frontend@0.0.0 want: *
28 silly fetch manifest react-router@7.18.2
29 silly packumentCache full:https://registry.npmjs.org/react-router cache-miss
30 http fetch GET 200 https://registry.npmjs.org/react-router 997ms (cache miss)
31 silly packumentCache full:https://registry.npmjs.org/react-router set size:undefined disposed:false
32 silly fetch manifest react@>=18
33 silly packumentCache full:https://registry.npmjs.org/react cache-miss
34 http cache https://registry.npmjs.org/react 51ms (cache hit)
35 silly packumentCache full:https://registry.npmjs.org/react set size:6897881 disposed:false
36 silly fetch manifest react-dom@>=18
37 silly packumentCache full:https://registry.npmjs.org/react-dom cache-miss
38 http cache https://registry.npmjs.org/react-dom 65ms (cache hit)
39 silly packumentCache full:https://registry.npmjs.org/react-dom set size:9267760 disposed:false
40 silly placeDep ROOT react-router@7.18.2 OK for: react-router-dom@7.18.2 want: 7.18.2
41 silly fetch manifest cookie@^1.0.1
42 silly packumentCache full:https://registry.npmjs.org/cookie cache-miss
43 silly fetch manifest set-cookie-parser@^2.6.0
44 silly packumentCache full:https://registry.npmjs.org/set-cookie-parser cache-miss
45 http fetch GET 200 https://registry.npmjs.org/cookie 154ms (cache miss)
46 silly packumentCache full:https://registry.npmjs.org/cookie set size:undefined disposed:false
47 http fetch GET 200 https://registry.npmjs.org/set-cookie-parser 689ms (cache miss)
48 silly packumentCache full:https://registry.npmjs.org/set-cookie-parser set size:undefined disposed:false
49 silly placeDep ROOT cookie@1.1.1 OK for: react-router@7.18.2 want: ^1.0.1
50 silly placeDep ROOT set-cookie-parser@2.7.2 OK for: react-router@7.18.2 want: ^2.6.0
51 silly reify moves {}
52 verbose reify failed optional dependency /public/frontend/node_modules/@tailwindcss/oxide-wasm32-wasi
53 silly reify mark deleted [ '/public/frontend/node_modules/@tailwindcss/oxide-wasm32-wasi' ]
54 silly audit bulk request {
54 silly audit   '@jridgewell/gen-mapping': [ '0.3.13' ],
54 silly audit   '@jridgewell/remapping': [ '2.3.5' ],
54 silly audit   '@jridgewell/resolve-uri': [ '3.1.2' ],
54 silly audit   '@jridgewell/sourcemap-codec': [ '1.5.5' ],
54 silly audit   '@jridgewell/trace-mapping': [ '0.3.31' ],
54 silly audit   '@oxc-project/types': [ '0.144.0' ],
54 silly audit   '@oxlint/binding-android-arm-eabi': [ '1.78.0' ],
54 silly audit   '@oxlint/binding-android-arm64': [ '1.78.0' ],
54 silly audit   '@oxlint/binding-darwin-arm64': [ '1.78.0' ],
54 silly audit   '@oxlint/binding-darwin-x64': [ '1.78.0' ],
54 silly audit   '@oxlint/binding-freebsd-x64': [ '1.78.0' ],
54 silly audit   '@oxlint/binding-linux-arm-gnueabihf': [ '1.78.0' ],
54 silly audit   '@oxlint/binding-linux-arm-musleabihf': [ '1.78.0' ],
54 silly audit   '@oxlint/binding-linux-arm64-gnu': [ '1.78.0' ],
54 silly audit   '@oxlint/binding-linux-arm64-musl': [ '1.78.0' ],
54 silly audit   '@oxlint/binding-linux-ppc64-gnu': [ '1.78.0' ],
54 silly audit   '@oxlint/binding-linux-riscv64-gnu': [ '1.78.0' ],
54 silly audit   '@oxlint/binding-linux-riscv64-musl': [ '1.78.0' ],
54 silly audit   '@oxlint/binding-linux-s390x-gnu': [ '1.78.0' ],
54 silly audit   '@oxlint/binding-linux-x64-gnu': [ '1.78.0' ],
54 silly audit   '@oxlint/binding-linux-x64-musl': [ '1.78.0' ],
54 silly audit   '@oxlint/binding-openharmony-arm64': [ '1.78.0' ],
54 silly audit   '@oxlint/binding-win32-arm64-msvc': [ '1.78.0' ],
54 silly audit   '@oxlint/binding-win32-ia32-msvc': [ '1.78.0' ],
54 silly audit   '@oxlint/binding-win32-x64-msvc': [ '1.78.0' ],
54 silly audit   '@parcel/watcher': [ '2.5.1' ],
54 silly audit   '@parcel/watcher-android-arm64': [ '2.5.1' ],
54 silly audit   '@parcel/watcher-darwin-arm64': [ '2.5.1' ],
54 silly audit   '@parcel/watcher-darwin-x64': [ '2.5.1' ],
54 silly audit   '@parcel/watcher-freebsd-x64': [ '2.5.1' ],
54 silly audit   '@parcel/watcher-linux-arm-glibc': [ '2.5.1' ],
54 silly audit   '@parcel/watcher-linux-arm-musl': [ '2.5.1' ],
54 silly audit   '@parcel/watcher-linux-arm64-glibc': [ '2.5.1' ],
54 silly audit   '@parcel/watcher-linux-arm64-musl': [ '2.5.1' ],
54 silly audit   '@parcel/watcher-linux-x64-glibc': [ '2.5.1' ],
54 silly audit   '@parcel/watcher-linux-x64-musl': [ '2.5.1' ],
54 silly audit   '@parcel/watcher-win32-arm64': [ '2.5.1' ],
54 silly audit   '@parcel/watcher-win32-ia32': [ '2.5.1' ],
54 silly audit   '@parcel/watcher-win32-x64': [ '2.5.1' ],
54 silly audit   '@rolldown/binding-android-arm64': [ '1.2.4' ],
54 silly audit   '@rolldown/binding-darwin-arm64': [ '1.2.4' ],
54 silly audit   '@rolldown/binding-darwin-x64': [ '1.2.4' ],
54 silly audit   '@rolldown/binding-freebsd-x64': [ '1.2.4' ],
54 silly audit   '@rolldown/binding-linux-arm-gnueabihf': [ '1.2.4' ],
54 silly audit   '@rolldown/binding-linux-arm64-gnu': [ '1.2.4' ],
54 silly audit   '@rolldown/binding-linux-arm64-musl': [ '1.2.4' ],
54 silly audit   '@rolldown/binding-linux-ppc64-gnu': [ '1.2.4' ],
54 silly audit   '@rolldown/binding-linux-s390x-gnu': [ '1.2.4' ],
54 silly audit   '@rolldown/binding-linux-x64-gnu': [ '1.2.4' ],
54 silly audit   '@rolldown/binding-linux-x64-musl': [ '1.2.4' ],
54 silly audit   '@rolldown/binding-openharmony-arm64': [ '1.2.4' ],
54 silly audit   '@rolldown/binding-win32-arm64-msvc': [ '1.2.4' ],
54 silly audit   '@rolldown/binding-win32-x64-msvc': [ '1.2.4' ],
54 silly audit   '@rolldown/pluginutils': [ '1.0.1' ],
54 silly audit   '@tailwindcss/cli': [ '4.3.3' ],
54 silly audit   '@tailwindcss/node': [ '4.3.3' ],
54 silly audit   '@tailwindcss/oxide': [ '4.3.3' ],
54 silly audit   '@tailwindcss/oxide-android-arm64': [ '4.3.3' ],
54 silly audit   '@tailwindcss/oxide-darwin-arm64': [ '4.3.3' ],
54 silly audit   '@tailwindcss/oxide-darwin-x64': [ '4.3.3' ],
54 silly audit   '@tailwindcss/oxide-freebsd-x64': [ '4.3.3' ],
54 silly audit   '@tailwindcss/oxide-linux-arm-gnueabihf': [ '4.3.3' ],
54 silly audit   '@tailwindcss/oxide-linux-arm64-gnu': [ '4.3.3' ],
54 silly audit   '@tailwindcss/oxide-linux-arm64-musl': [ '4.3.3' ],
54 silly audit   '@tailwindcss/oxide-linux-x64-gnu': [ '4.3.3' ],
54 silly audit   '@tailwindcss/oxide-linux-x64-musl': [ '4.3.3' ],
54 silly audit   '@tailwindcss/oxide-win32-arm64-msvc': [ '4.3.3' ],
54 silly audit   '@tailwindcss/oxide-win32-x64-msvc': [ '4.3.3' ],
54 silly audit   '@types/react': [ '19.2.18' ],
54 silly audit   '@types/react-dom': [ '19.2.4' ],
54 silly audit   '@vitejs/plugin-react': [ '6.0.5' ],
54 silly audit   autoprefixer: [ '10.5.4' ],
54 silly audit   'baseline-browser-mapping': [ '2.11.14' ],
54 silly audit   braces: [ '3.0.3' ],
54 silly audit   browserslist: [ '4.28.8' ],
54 silly audit   'caniuse-lite': [ '1.0.30001809' ],
54 silly audit   csstype: [ '3.2.3' ],
54 silly audit   'detect-libc': [ '1.0.3', '2.1.2' ],
54 silly audit   'electron-to-chromium': [ '1.5.407' ],
54 silly audit   'enhanced-resolve': [ '5.24.5' ],
54 silly audit   escalade: [ '3.2.0' ],
54 silly audit   'fill-range': [ '7.1.1' ],
54 silly audit   'fraction.js': [ '5.3.4' ],
54 silly audit   fsevents: [ '2.3.3' ],
54 silly audit   'graceful-fs': [ '4.2.11' ],
54 silly audit   'is-extglob': [ '2.1.1' ],
54 silly audit   'is-glob': [ '4.0.3' ],
54 silly audit   'is-number': [ '7.0.0' ],
54 silly audit   jiti: [ '2.7.0' ],
54 silly audit   lightningcss: [ '1.32.0', '1.33.0' ],
54 silly audit   'lightningcss-android-arm64': [ '1.32.0', '1.33.0' ],
54 silly audit   'lightningcss-darwin-arm64': [ '1.32.0', '1.33.0' ],
54 silly audit   'lightningcss-darwin-x64': [ '1.32.0', '1.33.0' ],
54 silly audit   'lightningcss-freebsd-x64': [ '1.32.0', '1.33.0' ],
54 silly audit   'lightningcss-linux-arm-gnueabihf': [ '1.32.0', '1.33.0' ],
54 silly audit   'lightningcss-linux-arm64-gnu': [ '1.32.0', '1.33.0' ],
54 silly audit   'lightningcss-linux-arm64-musl': [ '1.32.0', '1.33.0' ],
54 silly audit   'lightningcss-linux-x64-gnu': [ '1.32.0', '1.33.0' ],
54 silly audit   'lightningcss-linux-x64-musl': [ '1.32.0', '1.33.0' ],
54 silly audit   'lightningcss-win32-arm64-msvc': [ '1.32.0', '1.33.0' ],
54 silly audit   'lightningcss-win32-x64-msvc': [ '1.32.0', '1.33.0' ],
54 silly audit   'magic-string': [ '0.30.21' ],
54 silly audit   micromatch: [ '4.0.8' ],
54 silly audit   mri: [ '1.2.0' ],
54 silly audit   nanoid: [ '3.3.18' ],
54 silly audit   'node-addon-api': [ '7.1.1' ],
54 silly audit   'node-releases': [ '2.0.53' ],
54 silly audit   oxlint: [ '1.78.0' ],
54 silly audit   picocolors: [ '1.1.1' ],
54 silly audit   picomatch: [ '2.3.2', '4.0.5' ],
54 silly audit   postcss: [ '8.5.26' ],
54 silly audit   'postcss-value-parser': [ '4.2.0' ],
54 silly audit   react: [ '19.2.8' ],
54 silly audit   'react-dom': [ '19.2.8' ],
54 silly audit   rolldown: [ '1.2.4' ],
54 silly audit   scheduler: [ '0.27.0' ],
54 silly audit   'source-map-js': [ '1.2.1' ],
54 silly audit   tailwindcss: [ '4.3.3' ],
54 silly audit   tapable: [ '2.3.3' ],
54 silly audit   tinyglobby: [ '0.2.17' ],
54 silly audit   fdir: [ '6.5.0' ],
54 silly audit   'to-regex-range': [ '5.0.1' ],
54 silly audit   'update-browserslist-db': [ '1.3.1' ],
54 silly audit   vite: [ '8.2.1' ],
54 silly audit   'react-router-dom': [ '7.18.2' ],
54 silly audit   'react-router': [ '7.18.2' ],
54 silly audit   cookie: [ '1.1.1' ],
54 silly audit   'set-cookie-parser': [ '2.7.2' ],
54 silly audit   '@tailwindcss/oxide-wasm32-wasi': [ '4.3.3' ]
54 silly audit }
55 verbose reify failed optional dependency /public/frontend/node_modules/lightningcss-win32-x64-msvc
56 silly reify mark deleted [ '/public/frontend/node_modules/lightningcss-win32-x64-msvc' ]
57 verbose reify failed optional dependency /public/frontend/node_modules/lightningcss-win32-arm64-msvc
58 silly reify mark deleted [ '/public/frontend/node_modules/lightningcss-win32-arm64-msvc' ]
59 verbose reify failed optional dependency /public/frontend/node_modules/lightningcss-linux-x64-musl
60 silly reify mark deleted [ '/public/frontend/node_modules/lightningcss-linux-x64-musl' ]
61 verbose reify failed optional dependency /public/frontend/node_modules/lightningcss-linux-x64-gnu
62 silly reify mark deleted [ '/public/frontend/node_modules/lightningcss-linux-x64-gnu' ]
63 verbose reify failed optional dependency /public/frontend/node_modules/lightningcss-linux-arm-gnueabihf
64 silly reify mark deleted [ '/public/frontend/node_modules/lightningcss-linux-arm-gnueabihf' ]
65 verbose reify failed optional dependency /public/frontend/node_modules/lightningcss-freebsd-x64
66 silly reify mark deleted [ '/public/frontend/node_modules/lightningcss-freebsd-x64' ]
67 verbose reify failed optional dependency /public/frontend/node_modules/lightningcss-darwin-x64
68 silly reify mark deleted [ '/public/frontend/node_modules/lightningcss-darwin-x64' ]
69 verbose reify failed optional dependency /public/frontend/node_modules/lightningcss-darwin-arm64
70 silly reify mark deleted [ '/public/frontend/node_modules/lightningcss-darwin-arm64' ]
71 verbose reify failed optional dependency /public/frontend/node_modules/lightningcss-android-arm64
72 silly reify mark deleted [ '/public/frontend/node_modules/lightningcss-android-arm64' ]
73 verbose reify failed optional dependency /public/frontend/node_modules/fsevents
74 silly reify mark deleted [ '/public/frontend/node_modules/fsevents' ]
75 verbose reify failed optional dependency /public/frontend/node_modules/@tailwindcss/oxide-win32-x64-msvc
76 silly reify mark deleted [ '/public/frontend/node_modules/@tailwindcss/oxide-win32-x64-msvc' ]
77 verbose reify failed optional dependency /public/frontend/node_modules/@tailwindcss/oxide-win32-arm64-msvc
78 silly reify mark deleted [ '/public/frontend/node_modules/@tailwindcss/oxide-win32-arm64-msvc' ]
79 verbose reify failed optional dependency /public/frontend/node_modules/@tailwindcss/oxide-linux-x64-musl
80 silly reify mark deleted [ '/public/frontend/node_modules/@tailwindcss/oxide-linux-x64-musl' ]
81 verbose reify failed optional dependency /public/frontend/node_modules/@tailwindcss/oxide-linux-x64-gnu
82 silly reify mark deleted [ '/public/frontend/node_modules/@tailwindcss/oxide-linux-x64-gnu' ]
83 verbose reify failed optional dependency /public/frontend/node_modules/@tailwindcss/oxide-linux-arm-gnueabihf
84 silly reify mark deleted [
84 silly reify   '/public/frontend/node_modules/@tailwindcss/oxide-linux-arm-gnueabihf'
84 silly reify ]
85 verbose reify failed optional dependency /public/frontend/node_modules/@tailwindcss/oxide-freebsd-x64
86 silly reify mark deleted [ '/public/frontend/node_modules/@tailwindcss/oxide-freebsd-x64' ]
87 verbose reify failed optional dependency /public/frontend/node_modules/@tailwindcss/oxide-darwin-x64
88 silly reify mark deleted [ '/public/frontend/node_modules/@tailwindcss/oxide-darwin-x64' ]
89 verbose reify failed optional dependency /public/frontend/node_modules/@tailwindcss/oxide-darwin-arm64
90 silly reify mark deleted [ '/public/frontend/node_modules/@tailwindcss/oxide-darwin-arm64' ]
91 verbose reify failed optional dependency /public/frontend/node_modules/@tailwindcss/oxide-android-arm64
92 silly reify mark deleted [ '/public/frontend/node_modules/@tailwindcss/oxide-android-arm64' ]
93 verbose reify failed optional dependency /public/frontend/node_modules/@rolldown/binding-win32-x64-msvc
94 silly reify mark deleted [ '/public/frontend/node_modules/@rolldown/binding-win32-x64-msvc' ]
95 verbose reify failed optional dependency /public/frontend/node_modules/@rolldown/binding-win32-arm64-msvc
96 silly reify mark deleted [ '/public/frontend/node_modules/@rolldown/binding-win32-arm64-msvc' ]
97 verbose reify failed optional dependency /public/frontend/node_modules/@rolldown/binding-openharmony-arm64
98 silly reify mark deleted [ '/public/frontend/node_modules/@rolldown/binding-openharmony-arm64' ]
99 verbose reify failed optional dependency /public/frontend/node_modules/@rolldown/binding-linux-x64-musl
100 silly reify mark deleted [ '/public/frontend/node_modules/@rolldown/binding-linux-x64-musl' ]
101 verbose reify failed optional dependency /public/frontend/node_modules/@rolldown/binding-linux-x64-gnu
102 silly reify mark deleted [ '/public/frontend/node_modules/@rolldown/binding-linux-x64-gnu' ]
103 verbose reify failed optional dependency /public/frontend/node_modules/@rolldown/binding-linux-s390x-gnu
104 silly reify mark deleted [ '/public/frontend/node_modules/@rolldown/binding-linux-s390x-gnu' ]
105 verbose reify failed optional dependency /public/frontend/node_modules/@rolldown/binding-linux-ppc64-gnu
106 silly reify mark deleted [ '/public/frontend/node_modules/@rolldown/binding-linux-ppc64-gnu' ]
107 verbose reify failed optional dependency /public/frontend/node_modules/@rolldown/binding-linux-arm-gnueabihf
108 silly reify mark deleted [
108 silly reify   '/public/frontend/node_modules/@rolldown/binding-linux-arm-gnueabihf'
108 silly reify ]
109 verbose reify failed optional dependency /public/frontend/node_modules/@rolldown/binding-freebsd-x64
110 silly reify mark deleted [ '/public/frontend/node_modules/@rolldown/binding-freebsd-x64' ]
111 verbose reify failed optional dependency /public/frontend/node_modules/@rolldown/binding-darwin-x64
112 silly reify mark deleted [ '/public/frontend/node_modules/@rolldown/binding-darwin-x64' ]
113 verbose reify failed optional dependency /public/frontend/node_modules/@rolldown/binding-darwin-arm64
114 silly reify mark deleted [ '/public/frontend/node_modules/@rolldown/binding-darwin-arm64' ]
115 verbose reify failed optional dependency /public/frontend/node_modules/@rolldown/binding-android-arm64
116 silly reify mark deleted [ '/public/frontend/node_modules/@rolldown/binding-android-arm64' ]
117 verbose reify failed optional dependency /public/frontend/node_modules/@parcel/watcher-win32-x64
118 silly reify mark deleted [ '/public/frontend/node_modules/@parcel/watcher-win32-x64' ]
119 verbose reify failed optional dependency /public/frontend/node_modules/@parcel/watcher-win32-ia32
120 silly reify mark deleted [ '/public/frontend/node_modules/@parcel/watcher-win32-ia32' ]
121 verbose reify failed optional dependency /public/frontend/node_modules/@parcel/watcher-win32-arm64
122 silly reify mark deleted [ '/public/frontend/node_modules/@parcel/watcher-win32-arm64' ]
123 verbose reify failed optional dependency /public/frontend/node_modules/@parcel/watcher-linux-x64-musl
124 silly reify mark deleted [ '/public/frontend/node_modules/@parcel/watcher-linux-x64-musl' ]
125 verbose reify failed optional dependency /public/frontend/node_modules/@parcel/watcher-linux-x64-glibc
126 silly reify mark deleted [ '/public/frontend/node_modules/@parcel/watcher-linux-x64-glibc' ]
127 verbose reify failed optional dependency /public/frontend/node_modules/@parcel/watcher-linux-arm-musl
128 silly reify mark deleted [ '/public/frontend/node_modules/@parcel/watcher-linux-arm-musl' ]
129 verbose reify failed optional dependency /public/frontend/node_modules/@parcel/watcher-linux-arm-glibc
130 silly reify mark deleted [ '/public/frontend/node_modules/@parcel/watcher-linux-arm-glibc' ]
131 verbose reify failed optional dependency /public/frontend/node_modules/@parcel/watcher-freebsd-x64
132 silly reify mark deleted [ '/public/frontend/node_modules/@parcel/watcher-freebsd-x64' ]
133 verbose reify failed optional dependency /public/frontend/node_modules/@parcel/watcher-darwin-x64
134 silly reify mark deleted [ '/public/frontend/node_modules/@parcel/watcher-darwin-x64' ]
135 verbose reify failed optional dependency /public/frontend/node_modules/@parcel/watcher-darwin-arm64
136 silly reify mark deleted [ '/public/frontend/node_modules/@parcel/watcher-darwin-arm64' ]
137 verbose reify failed optional dependency /public/frontend/node_modules/@parcel/watcher-android-arm64
138 silly reify mark deleted [ '/public/frontend/node_modules/@parcel/watcher-android-arm64' ]
139 verbose reify failed optional dependency /public/frontend/node_modules/@oxlint/binding-win32-x64-msvc
140 silly reify mark deleted [ '/public/frontend/node_modules/@oxlint/binding-win32-x64-msvc' ]
141 verbose reify failed optional dependency /public/frontend/node_modules/@oxlint/binding-win32-ia32-msvc
142 silly reify mark deleted [ '/public/frontend/node_modules/@oxlint/binding-win32-ia32-msvc' ]
143 verbose reify failed optional dependency /public/frontend/node_modules/@oxlint/binding-win32-arm64-msvc
144 silly reify mark deleted [ '/public/frontend/node_modules/@oxlint/binding-win32-arm64-msvc' ]
145 verbose reify failed optional dependency /public/frontend/node_modules/@oxlint/binding-openharmony-arm64
146 silly reify mark deleted [ '/public/frontend/node_modules/@oxlint/binding-openharmony-arm64' ]
147 verbose reify failed optional dependency /public/frontend/node_modules/@oxlint/binding-linux-x64-musl
148 silly reify mark deleted [ '/public/frontend/node_modules/@oxlint/binding-linux-x64-musl' ]
149 verbose reify failed optional dependency /public/frontend/node_modules/@oxlint/binding-linux-x64-gnu
150 silly reify mark deleted [ '/public/frontend/node_modules/@oxlint/binding-linux-x64-gnu' ]
151 verbose reify failed optional dependency /public/frontend/node_modules/@oxlint/binding-linux-s390x-gnu
152 silly reify mark deleted [ '/public/frontend/node_modules/@oxlint/binding-linux-s390x-gnu' ]
153 verbose reify failed optional dependency /public/frontend/node_modules/@oxlint/binding-linux-riscv64-musl
154 silly reify mark deleted [ '/public/frontend/node_modules/@oxlint/binding-linux-riscv64-musl' ]
155 verbose reify failed optional dependency /public/frontend/node_modules/@oxlint/binding-linux-riscv64-gnu
156 silly reify mark deleted [ '/public/frontend/node_modules/@oxlint/binding-linux-riscv64-gnu' ]
157 verbose reify failed optional dependency /public/frontend/node_modules/@oxlint/binding-linux-ppc64-gnu
158 silly reify mark deleted [ '/public/frontend/node_modules/@oxlint/binding-linux-ppc64-gnu' ]
159 verbose reify failed optional dependency /public/frontend/node_modules/@oxlint/binding-linux-arm-musleabihf
160 silly reify mark deleted [
160 silly reify   '/public/frontend/node_modules/@oxlint/binding-linux-arm-musleabihf'
160 silly reify ]
161 verbose reify failed optional dependency /public/frontend/node_modules/@oxlint/binding-linux-arm-gnueabihf
162 silly reify mark deleted [ '/public/frontend/node_modules/@oxlint/binding-linux-arm-gnueabihf' ]
163 verbose reify failed optional dependency /public/frontend/node_modules/@oxlint/binding-freebsd-x64
164 silly reify mark deleted [ '/public/frontend/node_modules/@oxlint/binding-freebsd-x64' ]
165 verbose reify failed optional dependency /public/frontend/node_modules/@oxlint/binding-darwin-x64
166 silly reify mark deleted [ '/public/frontend/node_modules/@oxlint/binding-darwin-x64' ]
167 verbose reify failed optional dependency /public/frontend/node_modules/@oxlint/binding-darwin-arm64
168 silly reify mark deleted [ '/public/frontend/node_modules/@oxlint/binding-darwin-arm64' ]
169 verbose reify failed optional dependency /public/frontend/node_modules/@oxlint/binding-android-arm64
170 silly reify mark deleted [ '/public/frontend/node_modules/@oxlint/binding-android-arm64' ]
171 verbose reify failed optional dependency /public/frontend/node_modules/@oxlint/binding-android-arm-eabi
172 silly reify mark deleted [ '/public/frontend/node_modules/@oxlint/binding-android-arm-eabi' ]
173 verbose reify failed optional dependency /public/frontend/node_modules/vite/node_modules/lightningcss-win32-x64-msvc
174 silly reify mark deleted [
174 silly reify   '/public/frontend/node_modules/vite/node_modules/lightningcss-win32-x64-msvc'
174 silly reify ]
175 verbose reify failed optional dependency /public/frontend/node_modules/vite/node_modules/lightningcss-win32-arm64-msvc
176 silly reify mark deleted [
176 silly reify   '/public/frontend/node_modules/vite/node_modules/lightningcss-win32-arm64-msvc'
176 silly reify ]
177 verbose reify failed optional dependency /public/frontend/node_modules/vite/node_modules/lightningcss-linux-x64-musl
178 silly reify mark deleted [
178 silly reify   '/public/frontend/node_modules/vite/node_modules/lightningcss-linux-x64-musl'
178 silly reify ]
179 verbose reify failed optional dependency /public/frontend/node_modules/vite/node_modules/lightningcss-linux-x64-gnu
180 silly reify mark deleted [
180 silly reify   '/public/frontend/node_modules/vite/node_modules/lightningcss-linux-x64-gnu'
180 silly reify ]
181 verbose reify failed optional dependency /public/frontend/node_modules/vite/node_modules/lightningcss-linux-arm-gnueabihf
182 silly reify mark deleted [
182 silly reify   '/public/frontend/node_modules/vite/node_modules/lightningcss-linux-arm-gnueabihf'
182 silly reify ]
183 verbose reify failed optional dependency /public/frontend/node_modules/vite/node_modules/lightningcss-freebsd-x64
184 silly reify mark deleted [
184 silly reify   '/public/frontend/node_modules/vite/node_modules/lightningcss-freebsd-x64'
184 silly reify ]
185 verbose reify failed optional dependency /public/frontend/node_modules/vite/node_modules/lightningcss-darwin-x64
186 silly reify mark deleted [
186 silly reify   '/public/frontend/node_modules/vite/node_modules/lightningcss-darwin-x64'
186 silly reify ]
187 verbose reify failed optional dependency /public/frontend/node_modules/vite/node_modules/lightningcss-darwin-arm64
188 silly reify mark deleted [
188 silly reify   '/public/frontend/node_modules/vite/node_modules/lightningcss-darwin-arm64'
188 silly reify ]
189 verbose reify failed optional dependency /public/frontend/node_modules/vite/node_modules/lightningcss-android-arm64
190 silly reify mark deleted [
190 silly reify   '/public/frontend/node_modules/vite/node_modules/lightningcss-android-arm64'
190 silly reify ]
191 http cache react-router@https://registry.npmjs.org/react-router/-/react-router-7.18.2.tgz 0ms (cache hit)
192 http cache react-router-dom@https://registry.npmjs.org/react-router-dom/-/react-router-dom-7.18.2.tgz 0ms (cache hit)
193 http cache lightningcss-linux-arm64-gnu@https://registry.npmjs.org/lightningcss-linux-arm64-gnu/-/lightningcss-linux-arm64-gnu-1.32.0.tgz 0ms (cache hit)
194 http cache @tailwindcss/oxide-linux-arm64-gnu@https://registry.npmjs.org/@tailwindcss/oxide-linux-arm64-gnu/-/oxide-linux-arm64-gnu-4.3.3.tgz 0ms (cache hit)
195 http cache cookie@https://registry.npmjs.org/cookie/-/cookie-1.1.1.tgz 0ms (cache hit)
196 http cache @rolldown/binding-linux-arm64-gnu@https://registry.npmjs.org/@rolldown/binding-linux-arm64-gnu/-/binding-linux-arm64-gnu-1.2.4.tgz 0ms (cache hit)
197 http cache @oxlint/binding-linux-arm64-gnu@https://registry.npmjs.org/@oxlint/binding-linux-arm64-gnu/-/binding-linux-arm64-gnu-1.78.0.tgz 0ms (cache hit)
198 http cache lightningcss-linux-arm64-gnu@https://registry.npmjs.org/lightningcss-linux-arm64-gnu/-/lightningcss-linux-arm64-gnu-1.33.0.tgz 0ms (cache hit)
199 http cache set-cookie-parser@https://registry.npmjs.org/set-cookie-parser/-/set-cookie-parser-2.7.2.tgz 0ms (cache hit)
200 silly tarball no local data for react-router@https://registry.npmjs.org/react-router/-/react-router-7.18.2.tgz. Extracting by manifest.
201 silly tarball no local data for react-router-dom@https://registry.npmjs.org/react-router-dom/-/react-router-dom-7.18.2.tgz. Extracting by manifest.
202 silly tarball no local data for cookie@https://registry.npmjs.org/cookie/-/cookie-1.1.1.tgz. Extracting by manifest.
203 silly tarball no local data for @rolldown/binding-linux-arm64-gnu@https://registry.npmjs.org/@rolldown/binding-linux-arm64-gnu/-/binding-linux-arm64-gnu-1.2.4.tgz. Extracting by manifest.
204 silly tarball no local data for @oxlint/binding-linux-arm64-gnu@https://registry.npmjs.org/@oxlint/binding-linux-arm64-gnu/-/binding-linux-arm64-gnu-1.78.0.tgz. Extracting by manifest.
205 silly tarball no local data for lightningcss-linux-arm64-gnu@https://registry.npmjs.org/lightningcss-linux-arm64-gnu/-/lightningcss-linux-arm64-gnu-1.33.0.tgz. Extracting by manifest.
206 silly tarball no local data for set-cookie-parser@https://registry.npmjs.org/set-cookie-parser/-/set-cookie-parser-2.7.2.tgz. Extracting by manifest.
207 silly tarball no local data for @tailwindcss/oxide-linux-arm64-gnu@https://registry.npmjs.org/@tailwindcss/oxide-linux-arm64-gnu/-/oxide-linux-arm64-gnu-4.3.3.tgz. Extracting by manifest.
208 silly tarball no local data for lightningcss-linux-arm64-gnu@https://registry.npmjs.org/lightningcss-linux-arm64-gnu/-/lightningcss-linux-arm64-gnu-1.32.0.tgz. Extracting by manifest.
209 http cache @parcel/watcher-linux-arm64-glibc@https://registry.npmjs.org/@parcel/watcher-linux-arm64-glibc/-/watcher-linux-arm64-glibc-2.5.1.tgz 0ms (cache hit)
210 silly tarball no local data for @parcel/watcher-linux-arm64-glibc@https://registry.npmjs.org/@parcel/watcher-linux-arm64-glibc/-/watcher-linux-arm64-glibc-2.5.1.tgz. Extracting by manifest.
211 http fetch POST 200 https://registry.npmjs.org/-/npm/v1/security/advisories/bulk 451ms
212 silly audit report {}
213 http fetch GET 200 https://registry.npmjs.org/react-router-dom/-/react-router-dom-7.18.2.tgz 2229ms (cache miss)
214 http fetch GET 200 https://registry.npmjs.org/cookie/-/cookie-1.1.1.tgz 2255ms (cache miss)
215 http fetch GET 200 https://registry.npmjs.org/set-cookie-parser/-/set-cookie-parser-2.7.2.tgz 2653ms (cache miss)
216 http fetch GET 200 https://registry.npmjs.org/@parcel/watcher-linux-arm64-glibc/-/watcher-linux-arm64-glibc-2.5.1.tgz 3956ms (cache miss)
217 http fetch GET 200 https://registry.npmjs.org/react-router/-/react-router-7.18.2.tgz 4417ms (cache miss)
218 http fetch GET 200 https://registry.npmjs.org/lightningcss-linux-arm64-gnu/-/lightningcss-linux-arm64-gnu-1.32.0.tgz 9663ms (cache miss)
219 http fetch GET 200 https://registry.npmjs.org/@tailwindcss/oxide-linux-arm64-gnu/-/oxide-linux-arm64-gnu-4.3.3.tgz 9871ms (cache miss)
220 http fetch GET 200 https://registry.npmjs.org/lightningcss-linux-arm64-gnu/-/lightningcss-linux-arm64-gnu-1.33.0.tgz 11331ms (cache miss)
221 http fetch GET 200 https://registry.npmjs.org/@oxlint/binding-linux-arm64-gnu/-/binding-linux-arm64-gnu-1.78.0.tgz 16145ms (cache miss)
222 http fetch GET 200 https://registry.npmjs.org/@rolldown/binding-linux-arm64-gnu/-/binding-linux-arm64-gnu-1.2.4.tgz 18280ms (cache miss)
223 silly ADD node_modules/set-cookie-parser
224 silly ADD node_modules/cookie
225 silly ADD node_modules/react-router
226 silly ADD node_modules/react-router-dom
227 silly ADD
228 silly ADD
229 silly ADD
230 silly ADD
231 silly ADD node_modules/lightningcss-linux-arm64-gnu
232 silly ADD
233 silly ADD
234 silly ADD
235 silly ADD
236 silly ADD
237 silly ADD
238 silly ADD
239 silly ADD
240 silly ADD
241 silly ADD
242 silly ADD
243 silly ADD node_modules/@tailwindcss/oxide-linux-arm64-gnu
244 silly ADD
245 silly ADD
246 silly ADD
247 silly ADD
248 silly ADD
249 silly ADD
250 silly ADD
251 silly ADD
252 silly ADD
253 silly ADD
254 silly ADD
255 silly ADD
256 silly ADD node_modules/@rolldown/binding-linux-arm64-gnu
257 silly ADD
258 silly ADD
259 silly ADD
260 silly ADD
261 silly ADD
262 silly ADD
263 silly ADD
264 silly ADD
265 silly ADD
266 silly ADD
267 silly ADD node_modules/@parcel/watcher-linux-arm64-glibc
268 silly ADD
269 silly ADD
270 silly ADD
271 silly ADD
272 silly ADD
273 silly ADD
274 silly ADD
275 silly ADD
276 silly ADD
277 silly ADD
278 silly ADD
279 silly ADD
280 silly ADD
281 silly ADD
282 silly ADD
283 silly ADD
284 silly ADD node_modules/@oxlint/binding-linux-arm64-gnu
285 silly ADD
286 silly ADD
287 silly ADD
288 silly ADD
289 silly ADD
290 silly ADD
291 silly ADD
292 silly ADD
293 silly ADD
294 silly ADD
295 silly ADD
296 silly ADD node_modules/vite/node_modules/lightningcss-linux-arm64-gnu
297 silly ADD
298 silly ADD
299 silly ADD
300 silly ADD
301 silly ADD
302 verbose cwd /public/frontend
303 verbose os Linux 5.10.226-android12-9-00047-g4968e29b7f92-ab12786767
304 verbose node v22.23.2
305 verbose npm  v10.9.1
306 verbose exit 0
307 info ok
